---
source: tests/ars_comments_tests.rs
expression: comments
---
[
  {
    "content": "High score comment",
    "author": "User2",
    "upvotes": 15,
    "downvotes": 5,
    "timestamp": null
  },
  {
    "content": "Medium score comment",
    "author": "User3",
    "upvotes": 8,
    "downvotes": 3,
    "timestamp": null
  },
  {
    "content": "Low score comment",
    "author": "User1",
    "upvotes": 3,
    "downvotes": 2,
    "timestamp": null
  }
]
