---
source: tests/config_tests.rs
expression: config
---
{
  "sources": [],
  "feeds": [
    {
      "type": "generic",
      "name": "Feed 1",
      "url": "https://feed1.example.com/feed.xml",
      "description": "First feed"
    },
    {
      "type": "generic",
      "name": "Feed 2",
      "url": "https://feed2.example.com/feed.xml",
      "description": "Second feed"
    },
    {
      "type": "ars_technica"
    }
  ],
  "output": {
    "filename": "multi_feed_test.epub",
    "title": "Multi Feed Test",
    "author": "Multi Feed Author",
    "format": "epub"
  },
  "front_page": null
}
