---
source: tests/front_page_tests.rs
expression: front_page_blocks
---
[
  {
    "Paragraph": {
      "spans": [
        {
          "text": "Today's World: ",
          "formatting": {
            "bold": true,
            "italic": false,
            "code": false,
            "link": null
          }
        },
        {
          "text": "Significant developments are unfolding across technology, politics, and global health, indicating a period of potential shifts in international cooperation and innovation.",
          "formatting": {
            "bold": false,
            "italic": false,
            "code": false,
            "link": null
          }
        }
      ]
    }
  },
  {
    "Heading": {
      "level": 2,
      "content": {
        "spans": [
          {
            "text": "Technology News",
            "formatting": {
              "bold": false,
              "italic": false,
              "code": false,
              "link": null
            }
          }
        ]
      }
    }
  },
  {
    "Paragraph": {
      "spans": [
        {
          "text": "Technology News focuses on advancements in artificial intelligence, highlighting a major breakthrough from a leading tech company. The coverage suggests potential impacts across various sectors due to this new development. Further reporting likely will detail the specifics of the AI technology.",
          "formatting": {
            "bold": false,
            "italic": false,
            "code": false,
            "link": null
          }
        }
      ]
    }
  },
  {
    "Heading": {
      "level": 3,
      "content": {
        "spans": [
          {
            "text": "Key Stories",
            "formatting": {
              "bold": false,
              "italic": false,
              "code": false,
              "link": null
            }
          }
        ]
      }
    }
  },
  {
    "List": {
      "ordered": false,
      "items": [
        {
          "spans": [
            {
              "text": "Major Tech Company Announces Revolutionary AI Breakthrough",
              "formatting": {
                "bold": false,
                "italic": false,
                "code": false,
                "link": null
              }
            }
          ]
        }
      ]
    }
  },
  {
    "Heading": {
      "level": 2,
      "content": {
        "spans": [
          {
            "text": "Political News",
            "formatting": {
              "bold": false,
              "italic": false,
              "code": false,
              "link": null
            }
          }
        ]
      }
    }
  },
  {
    "Paragraph": {
      "spans": [
        {
          "text": "Political News reports on challenges to international trade, specifically opposition facing a new agreement. The coverage indicates potential roadblocks in global economic cooperation and possible shifts in trade policies. Further details are expected on the nature of the opposition.",
          "formatting": {
            "bold": false,
            "italic": false,
            "code": false,
            "link": null
          }
        }
      ]
    }
  },
  {
    "Heading": {
      "level": 3,
      "content": {
        "spans": [
          {
            "text": "Key Stories",
            "formatting": {
              "bold": false,
              "italic": false,
              "code": false,
              "link": null
            }
          }
        ]
      }
    }
  },
  {
    "List": {
      "ordered": false,
      "items": [
        {
          "spans": [
            {
              "text": "International Trade Agreement Faces Opposition",
              "formatting": {
                "bold": false,
                "italic": false,
                "code": false,
                "link": null
              }
            }
          ]
        }
      ]
    }
  },
  {
    "Heading": {
      "level": 2,
      "content": {
        "spans": [
          {
            "text": "Health News",
            "formatting": {
              "bold": false,
              "italic": false,
              "code": false,
              "link": null
            }
          }
        ]
      }
    }
  },
  {
    "Paragraph": {
      "spans": [
        {
          "text": "Health News centers on new guidelines issued by the Global Health Organization, signaling potential changes in health protocols or recommendations. The coverage suggests a focus on evolving public health strategies and international coordination. Further reporting will likely detail the specifics of these new guidelines.",
          "formatting": {
            "bold": false,
            "italic": false,
            "code": false,
            "link": null
          }
        }
      ]
    }
  },
  {
    "Heading": {
      "level": 3,
      "content": {
        "spans": [
          {
            "text": "Key Stories",
            "formatting": {
              "bold": false,
              "italic": false,
              "code": false,
              "link": null
            }
          }
        ]
      }
    }
  },
  {
    "List": {
      "ordered": false,
      "items": [
        {
          "spans": [
            {
              "text": "Global Health Organization Issues New Guidelines",
              "formatting": {
                "bold": false,
                "italic": false,
                "code": false,
                "link": null
              }
            }
          ]
        }
      ]
    }
  },
  {
    "Heading": {
      "level": 2,
      "content": {
        "spans": [
          {
            "text": "Looking Ahead",
            "formatting": {
              "bold": false,
              "italic": false,
              "code": false,
              "link": null
            }
          }
        ]
      }
    }
  },
  {
    "Paragraph": {
      "spans": [
        {
          "text": "The simultaneous developments in AI, trade agreements, and global health guidelines suggest a dynamic period of change requiring international collaboration and potentially impacting various aspects of daily life.",
          "formatting": {
            "bold": false,
            "italic": false,
            "code": false,
            "link": null
          }
        }
      ]
    }
  }
]
