---
source: tests/front_page_tests.rs
expression: normalized_output
---
**Today's World**: Rapid advancements in artificial intelligence are poised to reshape global industries and economies, while international cooperation faces challenges on trade and public health initiatives.

**Top Stories:**

• **Major Tech Company Announces Revolutionary AI Breakthrough**: A leading technology firm unveiled a new AI system with unprecedented reasoning and problem-solving capabilities, potentially impacting healthcare, transportation, and manufacturing. This development raises concerns about potential job displacement across multiple sectors as automation becomes more sophisticated.
• **International Trade Agreement Faces Opposition**: A proposed international trade agreement is encountering strong resistance from labor unions and environmental groups across three continents, signaling potential roadblocks to economic cooperation. The dispute centers on concerns about labor standards and environmental protections within the agreement’s framework.
• **Global Health Organization Issues New Guidelines**: The World Health Organization released updated vaccination guidelines affecting public health policies in over 100 countries, prompting debate about access and implementation strategies. The revised guidelines aim to improve vaccination rates but may face logistical challenges in diverse healthcare systems.

**Looking Ahead**: The convergence of these developments – AI disruption, trade tensions, and evolving health policies – suggests a period of significant change and potential instability requiring international collaboration to navigate effectively.
