---
source: tests/front_page_tests.rs
expression: normalized_content
---
# Source: Technology News
**Description:** Latest technology developments
**URL:** https://techexample.com

**Articles:**
- Major Tech Company Announces Revolutionary AI Breakthrough (2025-01-01T00:00:00.000000Z)

# Source: Political News
**Description:** Global political developments
**URL:** https://newsexample.com

**Articles:**
- International Trade Agreement Faces Opposition (2025-01-01T00:00:00.000000Z)

# Source: Health News
**Description:** Health and medical news
**URL:** https://healthexample.com

**Articles:**
- Global Health Organization Issues New Guidelines (2025-01-01T00:00:00.000000Z)
