---
source: tests/front_page_tests.rs
expression: normalized_content
---
## Major Tech Company Announces Revolutionary AI Breakthrough
**Source:** Technology News
**Published:** 2025-01-01T00:00:00.000000Z
**URL:** https://techexample.com/ai-breakthrough

## International Trade Agreement Faces Opposition
**Source:** Political News
**Published:** 2025-01-01T00:00:00.000000Z
**URL:** https://newsexample.com/trade-agreement

## Global Health Organization Issues New Guidelines
**Source:** Health News
**Published:** 2025-01-01T00:00:00.000000Z
**URL:** https://healthexample.com/guidelines
