---
source: tests/integration_tests.rs
expression: deserialized_config
---
{
  "feeds": [
    {
      "type": "generic",
      "name": "Feed 1",
      "url": "https://feed1.example.com/rss.xml",
      "description": "First feed description"
    },
    {
      "type": "generic",
      "name": "Feed 2",
      "url": "https://feed2.example.com/rss.xml",
      "description": "Second feed description"
    }
  ],
  "output": {
    "filename": "roundtrip_test.epub",
    "title": "Roundtrip Test",
    "author": "Test Author",
    "format": "epub"
  },
  "front_page": null
}
