---
source: tests/parser_tests.rs
expression: blocks
---
[
  {
    "Heading": {
      "level": 2,
      "content": {
        "spans": [
          {
            "text": "Important News",
            "formatting": {
              "bold": false,
              "italic": false,
              "code": false,
              "link": null
            }
          }
        ]
      }
    }
  }
]
